Component: ARM Compiler 5.06 update 3 (build 300) Tool: armlink [4d35c9]

==============================================================================

Section Cross References

    startup_stm32f103xb.o(RESET) refers to startup_stm32f103xb.o(STACK) for __initial_sp
    startup_stm32f103xb.o(RESET) refers to startup_stm32f103xb.o(.text) for Reset_Handler
    startup_stm32f103xb.o(RESET) refers to stm32f1xx_it.o(i.NMI_Handler) for NMI_Handler
    startup_stm32f103xb.o(RESET) refers to stm32f1xx_it.o(i.HardFault_Handler) for HardFault_Handler
    startup_stm32f103xb.o(RESET) refers to stm32f1xx_it.o(i.MemManage_Handler) for MemManage_Handler
    startup_stm32f103xb.o(RESET) refers to stm32f1xx_it.o(i.BusFault_Handler) for BusFault_Handler
    startup_stm32f103xb.o(RESET) refers to stm32f1xx_it.o(i.UsageFault_Handler) for UsageFault_Handler
    startup_stm32f103xb.o(RESET) refers to stm32f1xx_it.o(i.SVC_Handler) for SVC_Handler
    startup_stm32f103xb.o(RESET) refers to stm32f1xx_it.o(i.DebugMon_Handler) for DebugMon_Handler
    startup_stm32f103xb.o(RESET) refers to stm32f1xx_it.o(i.PendSV_Handler) for PendSV_Handler
    startup_stm32f103xb.o(RESET) refers to stm32f1xx_it.o(i.SysTick_Handler) for SysTick_Handler
    startup_stm32f103xb.o(RESET) refers to stm32f1xx_it.o(i.DMA1_Channel3_IRQHandler) for DMA1_Channel3_IRQHandler
    startup_stm32f103xb.o(RESET) refers to stm32f1xx_it.o(i.USART1_IRQHandler) for USART1_IRQHandler
    startup_stm32f103xb.o(.text) refers to system_stm32f1xx.o(i.SystemInit) for SystemInit
    startup_stm32f103xb.o(.text) refers to entry.o(.ARM.Collect$$$$00000000) for __main
    calc.o(i.calc) refers to strlen.o(.text) for strlen
    calc.o(i.calc) refers to calc.o(i.is_op) for is_op
    calc.o(i.calc) refers to ctype_o.o(.text) for __rt_ctype_table
    calc.o(i.calc) refers to dfltui.o(.text) for __aeabi_ui2d
    calc.o(i.calc) refers to dmul.o(.text) for __aeabi_dmul
    calc.o(i.calc) refers to dadd.o(.text) for __aeabi_dadd
    calc.o(i.calc) refers to calc.o(i.work) for work
    calc.o(i.calc) refers to dflti.o(.text) for __aeabi_i2d
    calc.o(i.calc) refers to pow.o(i.pow) for pow
    calc.o(i.calc) refers to memseta.o(.text) for __aeabi_memclr4
    calc.o(i.calc) refers to calc.o(.data) for .data
    calc.o(i.calc) refers to calc.o(.bss) for .bss
    calc.o(i.calc_d) refers to memseta.o(.text) for __aeabi_memclr4
    calc.o(i.calc_d) refers to strcpy.o(.text) for strcpy
    calc.o(i.calc_d) refers to strcat.o(.text) for strcat
    calc.o(i.calc_d) refers to printfa.o(i.__0printf) for __2printf
    calc.o(i.calc_d) refers to ctype_o.o(.text) for __rt_ctype_table
    calc.o(i.calc_d) refers to dfltui.o(.text) for __aeabi_ui2d
    calc.o(i.calc_d) refers to dmul.o(.text) for __aeabi_dmul
    calc.o(i.calc_d) refers to dadd.o(.text) for __aeabi_dadd
    calc.o(i.calc_d) refers to strlen.o(.text) for strlen
    calc.o(i.calc_d) refers to calc.o(i.work) for work
    calc.o(i.calc_d) refers to dflti.o(.text) for __aeabi_i2d
    calc.o(i.calc_d) refers to pow.o(i.pow) for pow
    calc.o(i.calc_d) refers to calc.o(.bss) for .bss
    calc.o(i.calc_d) refers to calc.o(.data) for .data
    calc.o(i.calc_def) refers to calc.o(i.calc_d) for calc_d
    calc.o(i.calc_def) refers to dadd.o(.text) for __aeabi_dadd
    calc.o(i.calc_def) refers to dscalb.o(.text) for __ARM_scalbn
    calc.o(i.calc_def) refers to ddiv.o(.text) for __aeabi_ddiv
    calc.o(i.calc_def) refers to dflti.o(.text) for __aeabi_i2d
    calc.o(i.calc_def) refers to dmul.o(.text) for __aeabi_dmul
    calc.o(i.calc_def) refers to printfa.o(i.__0sprintf) for __2sprintf
    calc.o(i.calc_def) refers to printfa.o(i.__0printf) for __2printf
    calc.o(i.fact) refers to cdcmple.o(.text) for __aeabi_cdcmpeq
    calc.o(i.fact) refers to dadd.o(.text) for __aeabi_dsub
    calc.o(i.fact) refers to dmul.o(.text) for __aeabi_dmul
    calc.o(i.solve) refers to dadd.o(.text) for __aeabi_dsub
    calc.o(i.solve) refers to calc.o(i.calc_d) for calc_d
    calc.o(i.solve) refers to ddiv.o(.text) for __aeabi_ddiv
    calc.o(i.solve) refers to printfa.o(i.__0sprintf) for __2sprintf
    calc.o(i.solve) refers to strcat.o(.text) for strcat
    calc.o(i.solve) refers to calc.o(i.value) for value
    calc.o(i.solve) refers to printfa.o(i.__0printf) for __2printf
    calc.o(i.solve) refers to cdrcmple.o(.text) for __aeabi_cdrcmple
    calc.o(i.solve_2) refers to dscalb.o(.text) for __ARM_scalbn
    calc.o(i.solve_2) refers to dmul.o(.text) for __aeabi_dmul
    calc.o(i.solve_2) refers to dadd.o(.text) for __aeabi_dadd
    calc.o(i.solve_2) refers to calc.o(i.value_2) for value_2
    calc.o(i.solve_2) refers to ddiv.o(.text) for __aeabi_ddiv
    calc.o(i.solve_2) refers to cdrcmple.o(.text) for __aeabi_cdrcmple
    calc.o(i.solve_3) refers to dscalb.o(.text) for __ARM_scalbn
    calc.o(i.solve_3) refers to dmul.o(.text) for __aeabi_dmul
    calc.o(i.solve_3) refers to dadd.o(.text) for __aeabi_dadd
[...]
    pS                                       0x0800aa00   Data          48  asin.o(.constdata)
    qS                                       0x0800aa30   Data          32  asin.o(.constdata)
    .constdata                               0x0800aa50   Section      152  atan.o(.constdata)
    atanhi                                   0x0800aa50   Data          32  atan.o(.constdata)
    atanlo                                   0x0800aa70   Data          32  atan.o(.constdata)
    aTodd                                    0x0800aa90   Data          40  atan.o(.constdata)
    aTeven                                   0x0800aab8   Data          48  atan.o(.constdata)
    .constdata                               0x0800aae8   Section       88  exp.o(.constdata)
    halF                                     0x0800aae8   Data          16  exp.o(.constdata)
    ln2HI                                    0x0800aaf8   Data          16  exp.o(.constdata)
    ln2LO                                    0x0800ab08   Data          16  exp.o(.constdata)
    P                                        0x0800ab18   Data          40  exp.o(.constdata)
    .constdata                               0x0800ab40   Section       56  log.o(.constdata)
    Lg2                                      0x0800ab40   Data          24  log.o(.constdata)
    Lg                                       0x0800ab58   Data          32  log.o(.constdata)
    .constdata                               0x0800ab78   Section      136  pow.o(.constdata)
    bp                                       0x0800ab78   Data          16  pow.o(.constdata)
    dp_h                                     0x0800ab88   Data          16  pow.o(.constdata)
    dp_l                                     0x0800ab98   Data          16  pow.o(.constdata)
    L                                        0x0800aba8   Data          48  pow.o(.constdata)
    P                                        0x0800abd8   Data          40  pow.o(.constdata)
    .constdata                               0x0800ac00   Section      129  ctype_o.o(.constdata)
    .constdata                               0x0800ac84   Section        4  ctype_o.o(.constdata)
    table                                    0x0800ac84   Data           4  ctype_o.o(.constdata)
    .constdata                               0x0800ac88   Section       48  cos_i.o(.constdata)
    C                                        0x0800ac88   Data          48  cos_i.o(.constdata)
    .constdata                               0x0800acb8   Section        8  qnan.o(.constdata)
    .constdata                               0x0800acc0   Section      200  rred.o(.constdata)
    pio2s                                    0x0800acc0   Data          48  rred.o(.constdata)
    twooverpi                                0x0800acf0   Data         152  rred.o(.constdata)
    .constdata                               0x0800ad88   Section       40  sin_i.o(.constdata)
    S                                        0x0800ad88   Data          40  sin_i.o(.constdata)
    .constdata                               0x0800adb0   Section       96  tan_i.o(.constdata)
    Todd                                     0x0800adb0   Data          48  tan_i.o(.constdata)
    Teven                                    0x0800ade0   Data          48  tan_i.o(.constdata)
    .conststring                             0x0800ae10   Section       61  main.o(.conststring)
    .conststring                             0x0800ae50   Section       56  main.o(.conststring)
    .conststring                             0x0800ae88   Section       34  main.o(.conststring)
    .data                                    0x20000000   Section       40  calc.o(.data)
    .data                                    0x20000028   Section      136  gui.o(.data)
    i                                        0x20000060   Data           4  gui.o(.data)
    next_i                                   0x20000064   Data           4  gui.o(.data)
    third_i                                  0x20000068   Data           4  gui.o(.data)
    i                                        0x2000006c   Data           4  gui.o(.data)
    i                                        0x20000070   Data           4  gui.o(.data)
    i                                        0x20000074   Data           4  gui.o(.data)
    i                                        0x20000078   Data           4  gui.o(.data)
    i                                        0x2000007c   Data           4  gui.o(.data)
    i                                        0x20000080   Data           4  gui.o(.data)
    i                                        0x20000084   Data           4  gui.o(.data)
    i                                        0x20000088   Data           4  gui.o(.data)
    i                                        0x2000008c   Data           4  gui.o(.data)
    i                                        0x20000090   Data           4  gui.o(.data)
    i                                        0x20000094   Data           4  gui.o(.data)
    .data                                    0x200000b0   Section        4  main.o(.data)
    .data                                    0x200000b4   Section        4  main.o(.data)
    .data                                    0x200000b8   Section        4  main.o(.data)
    .data                                    0x200000bc   Section        4  main.o(.data)
    .data                                    0x200000c0   Section        4  main.o(.data)
    .data                                    0x200000c4   Section      108  main.o(.data)
    .data                                    0x20000130   Section        4  main.o(.data)
    .data                                    0x20000134   Section        4  main.o(.data)
    .data                                    0x20000138   Section        4  main.o(.data)
    .data                                    0x2000013c   Section        4  main.o(.data)
    .data                                    0x20000140   Section        4  main.o(.data)
    .data                                    0x20000144   Section        4  main.o(.data)
    .data                                    0x20000148   Section        4  main.o(.data)
    .data                                    0x2000014c   Section        4  main.o(.data)
    .data                                    0x20000150   Section        4  main.o(.data)
    .data                                    0x20000154   Section        4  main.o(.data)
    .data                                    0x20000158   Section        4  main.o(.data)
    .data                                    0x2000015c   Section        4  main.o(.data)
    .data                                    0x20000160   Section        4  main.o(.data)
    .data                                    0x20000164   Section        4  main.o(.data)
    .data                                    0x20000168   Section        4  main.o(.data)
    .data                                    0x2000016c   Section       40  main.o(.data)
    .data                                    0x20000194   Section       32  main.o(.data)
    .data                                    0x200001b4   Section        4  main.o(.data)
    .data                                    0x200001b8   Section        4  main.o(.data)
    .data                                    0x200001bc   Section        4  main.o(.data)
    .data                                    0x200001c0   Section        4  main.o(.data)
    .data                                    0x200001c4   Section       36  comp.o(.data)
    .data                                    0x200001e8   Section       12  stm32f1xx_hal.o(.data)
    .data                                    0x200001f4   Section        4  system_stm32f1xx.o(.data)
    .data                                    0x200001f8   Section        4  stdout.o(.data)
    .data                                    0x200001fc   Section        4  errno.o(.data)
    _errno                                   0x200001fc   Data           4  errno.o(.data)
    .bss                                     0x20000200   Section      900  calc.o(.bss)
    .bss                                     0x20000584   Section     1100  gui.o(.bss)
    .bss                                     0x200009d0   Section       16  main.o(.bss)
    .bss                                     0x200009e0   Section      156  spi.o(.bss)
    .bss                                     0x20000a7c   Section       68  usart.o(.bss)
    .bss                                     0x20000ac0   Section     2504  comp.o(.bss)
    .bss                                     0x20001488   Section     1024  u8g2_d_memory.o(.bss)
    buf                                      0x20001488   Data        1024  u8g2_d_memory.o(.bss)
    STACK                                    0x20001888   Section     1024  startup_stm32f103xb.o(STACK)

    Global Symbols

    Symbol Name                              Value     Ov Type        Size  Object(Section)

    BuildAttributes$$THM_ISAv4$P$D$K$B$S$PE$A:L22UL41UL21$X:L11$S22US41US21$IEEE1$IW$USESV6$~STKCKD$USESV7$~SHL$OTIME$ROPI$IEEEX$EBA8$MICROLIB$REQ8$PRES8$EABIv2 0x00000000   Number         0  anon$$obj.o ABSOLUTE
    __ARM_use_no_argv                        0x00000000   Number         0  main.o ABSOLUTE
    _printf_a                                0x00000000   Number         0  stubs.o ABSOLUTE
    _printf_c                                0x00000000   Number         0  stubs.o ABSOLUTE
    _printf_charcount                        0x00000000   Number         0  stubs.o ABSOLUTE
    _printf_d                                0x00000000   Number         0  stubs.o ABSOLUTE
    _printf_e                                0x00000000   Number         0  stubs.o ABSOLUTE
    _printf_f                                0x00000000   Number         0  stubs.o ABSOLUTE
    _printf_flags                            0x00000000   Number         0  stubs.o ABSOLUTE
    _printf_fp_dec                           0x00000000   Number         0  stubs.o ABSOLUTE
    _printf_fp_hex                           0x00000000   Number         0  stubs.o ABSOLUTE
    _printf_g                                0x00000000   Number         0  stubs.o ABSOLUTE
    _printf_i                                0x00000000   Number         0  stubs.o ABSOLUTE
    _printf_int_dec                          0x00000000   Number         0  stubs.o ABSOLUTE
    _printf_l                                0x00000000   Number         0  stubs.o ABSOLUTE
    _printf_lc                               0x00000000   Number         0  stubs.o ABSOLUTE
    _printf_ll                               0x00000000   Number         0  stubs.o ABSOLUTE
    _printf_lld                              0x00000000   Number         0  stubs.o ABSOLUTE
    _printf_lli                              0x00000000   Number         0  stubs.o ABSOLUTE
    _printf_llo                              0x00000000   Number         0  stubs.o ABSOLUTE
    _printf_llu                              0x00000000   Number         0  stubs.o ABSOLUTE
    _printf_llx                              0x00000000   Number         0  stubs.o ABSOLUTE
    _printf_longlong_dec                     0x00000000   Number         0  stubs.o ABSOLUTE
    _printf_longlong_hex                     0x00000000   Number         0  stubs.o ABSOLUTE
    _printf_longlong_oct                     0x00000000   Number         0  stubs.o ABSOLUTE
    _printf_ls                               0x00000000   Number         0  stubs.o ABSOLUTE
    _printf_mbtowc                           0x00000000   Number         0  stubs.o ABSOLUTE
    _printf_n                                0x00000000   Number         0  stubs.o ABSOLUTE
    _printf_o                                0x00000000   Number         0  stubs.o ABSOLUTE
    _printf_p                                0x00000000   Number         0  stubs.o ABSOLUTE
    _printf_percent                          0x00000000   Number         0  stubs.o ABSOLUTE
    _printf_pre_padding                      0x00000000   Number         0  stubs.o ABSOLUTE
    _printf_return_value                     0x00000000   Number         0  stubs.o ABSOLUTE
    _printf_s                                0x00000000   Number         0  stubs.o ABSOLUTE
    _printf_sizespec                         0x00000000   Number         0  stubs.o ABSOLUTE
    _printf_str                              0x00000000   Number         0  stubs.o ABSOLUTE
    _printf_truncate_signed                  0x00000000   Number         0  stubs.o ABSOLUTE
    _printf_truncate_unsigned                0x00000000   Number         0  stubs.o ABSOLUTE
    _printf_u                                0x00000000   Number         0  stubs.o ABSOLUTE
    _printf_wc                               0x00000000   Number         0  stubs.o ABSOLUTE
    _printf_wctomb                           0x00000000   Number         0  stubs.o ABSOLUTE
    _printf_widthprec                        0x00000000   Number         0  stubs.o ABSOLUTE
    _printf_x                                0x00000000   Number         0  stubs.o ABSOLUTE
    __cpp_initialize__aeabi_                  - Undefined Weak Reference
    __cxa_finalize                            - Undefined Weak Reference
    _clock_init                               - Undefined Weak Reference
    _microlib_exit                            - Undefined Weak Reference
    __Vectors_Size                           0x000000ec   Number         0  startup_stm32f103xb.o ABSOLUTE
    __Vectors                                0x08000000   Data           4  startup_stm32f103xb.o(RESET)
    __Vectors_End                            0x080000ec   Data           0  startup_stm32f103xb.o(RESET)
    __main                                   0x080000ed   Thumb Code     0  entry.o(.ARM.Collect$$$$00000000)
    _main_stk                                0x080000ed   Thumb Code     0  entry2.o(.ARM.Collect$$$$00000001)
    _main_scatterload                        0x080000f1   Thumb Code     0  entry5.o(.ARM.Collect$$$$00000004)
    __main_after_scatterload                 0x080000f5   Thumb Code     0  entry5.o(.ARM.Collect$$$$00000004)
    _main_clock                              0x080000f5   Thumb Code     0  entry7b.o(.ARM.Collect$$$$00000008)
    _main_cpp_init                           0x080000f5   Thumb Code     0  entry8b.o(.ARM.Collect$$$$0000000A)
    _main_init                               0x080000f5   Thumb Code     0  entry9a.o(.ARM.Collect$$$$0000000B)
    __rt_final_cpp                           0x080000fd   Thumb Code     0  entry10a.o(.ARM.Collect$$$$0000000D)
    __rt_final_exit                          0x080000fd   Thumb Code     0  entry11a.o(.ARM.Collect$$$$0000000F)
    Reset_Handler                            0x08000101   Thumb Code     8  startup_stm32f103xb.o(.text)
    ADC1_2_IRQHandler                        0x0800011b   Thumb Code     0  startup_stm32f103xb.o(.text)
    CAN1_RX1_IRQHandler                      0x0800011b   Thumb Code     0  startup_stm32f103xb.o(.text)
    CAN1_SCE_IRQHandler                      0x0800011b   Thumb Code     0  startup_stm32f103xb.o(.text)
    DMA1_Channel1_IRQHandler                 0x0800011b   Thumb Code     0  startup_stm32f103xb.o(.text)
    DMA1_Channel2_IRQHandler                 0x0800011b   Thumb Code     0  startup_stm32f103xb.o(.text)
    DMA1_Channel4_IRQHandler                 0x0800011b   Thumb Code     0  startup_stm32f103xb.o(.text)
    DMA1_Channel5_IRQHandler                 0x0800011b   Thumb Code     0  startup_stm32f103xb.o(.text)
    DMA1_Channel6_IRQHandler                 0x0800011b   Thumb Code     0  startup_stm32f103xb.o(.text)
    DMA1_Channel7_IRQHandler                 0x0800011b   Thumb Code     0  startup_stm32f103xb.o(.text)
    EXTI0_IRQHandler                         0x0800011b   Thumb Code     0  startup_stm32f103xb.o(.text)
    EXTI15_10_IRQHandler                     0x0800011b   Thumb Code     0  startup_stm32f103xb.o(.text)
    EXTI1_IRQHandler                         0x0800011b   Thumb Code     0  startup_stm32f103xb.o(.text)
    EXTI2_IRQHandler                         0x0800011b   Thumb Code     0  startup_stm32f103xb.o(.text)
    EXTI3_IRQHandler                         0x0800011b   Thumb Code     0  startup_stm32f103xb.o(.text)
    EXTI4_IRQHandler                         0x0800011b   Thumb Code     0  startup_stm32f103xb.o(.text)
    EXTI9_5_IRQHandler                       0x0800011b   Thumb Code     0  startup_stm32f103xb.o(.text)
    FLASH_IRQHandler                         0x0800011b   Thumb Code     0  startup_stm32f103xb.o(.text)
    I2C1_ER_IRQHandler                       0x0800011b   Thumb Code     0  startup_stm32f103xb.o(.text)
    I2C1_EV_IRQHandler                       0x0800011b   Thumb Code     0  startup_stm32f103xb.o(.text)
    I2C2_ER_IRQHandler                       0x0800011b   Thumb Code     0  startup_stm32f103xb.o(.text)
    I2C2_EV_IRQHandler                       0x0800011b   Thumb Code     0  startup_stm32f103xb.o(.text)
    PVD_IRQHandler                           0x0800011b   Thumb Code     0  startup_stm32f103xb.o(.text)
    RCC_IRQHandler                           0x0800011b   Thumb Code     0  startup_stm32f103xb.o(.text)
    RTC_Alarm_IRQHandler                     0x0800011b   Thumb Code     0  startup_stm32f103xb.o(.text)
    RTC_IRQHandler                           0x0800011b   Thumb Code     0  startup_stm32f103xb.o(.text)
    SPI1_IRQHandler                          0x0800011b   Thumb Code     0  startup_stm32f103xb.o(.text)
    SPI2_IRQHandler                          0x0800011b   Thumb Code     0  startup_stm32f103xb.o(.text)
    TAMPER_IRQHandler                        0x0800011b   Thumb Code     0  startup_stm32f103xb.o(.text)
    TIM1_BRK_IRQHandler                      0x0800011b   Thumb Code     0  startup_stm32f103xb.o(.text)
    TIM1_CC_IRQHandler                       0x0800011b   Thumb Code     0  startup_stm32f103xb.o(.text)
    TIM1_TRG_COM_IRQHandler                  0x0800011b   Thumb Code     0  startup_stm32f103xb.o(.text)
    TIM1_UP_IRQHandler                       0x0800011b   Thumb Code     0  startup_stm32f103xb.o(.text)
    TIM2_IRQHandler                          0x0800011b   Thumb Code     0  startup_stm32f103xb.o(.text)
    TIM3_IRQHandler                          0x0800011b   Thumb Code     0  startup_stm32f103xb.o(.text)
    TIM4_IRQHandler                          0x0800011b   Thumb Code     0  startup_stm32f103xb.o(.text)
    USART2_IRQHandler                        0x0800011b   Thumb Code     0  startup_stm32f103xb.o(.text)
    USART3_IRQHandler                        0x0800011b   Thumb Code     0  startup_stm32f103xb.o(.text)
    USBWakeUp_IRQHandler                     0x0800011b   Thumb Code     0  startup_stm32f103xb.o(.text)
    USB_HP_CAN1_TX_IRQHandler                0x0800011b   Thumb Code     0  startup_stm32f103xb.o(.text)
    USB_LP_CAN1_RX0_IRQHandler               0x0800011b   Thumb Code     0  startup_stm32f103xb.o(.text)
    WWDG_IRQHandler                          0x0800011b   Thumb Code     0  startup_stm32f103xb.o(.text)
    __aeabi_llsr                             0x08000125   Thumb Code    32  llushr.o(.text)
    _ll_ushift_r                             0x08000125   Thumb Code     0  llushr.o(.text)
    __rt_ctype_table                         0x08000145   Thumb Code     4  ctype_o.o(.text)
    isspace                                  0x0800014d   Thumb Code    18  isspace_o.o(.text)
    __aeabi_memset                           0x0800015f   Thumb Code    14  memseta.o(.text)
    __aeabi_memset4                          0x0800015f   Thumb Code     0  memseta.o(.text)
    __aeabi_memset8                          0x0800015f   Thumb Code     0  memseta.o(.text)
    __aeabi_memclr                           0x0800016d   Thumb Code     4  memseta.o(.text)
    __aeabi_memclr4                          0x0800016d   Thumb Code     0  memseta.o(.text)
    __aeabi_memclr8                          0x0800016d   Thumb Code     0  memseta.o(.text)
    _memset$wrapper                          0x08000171   Thumb Code    18  memseta.o(.text)
    strcat                                   0x08000183   Thumb Code    24  strcat.o(.text)
    strlen                                   0x0800019b   Thumb Code    14  strlen.o(.text)
    strcpy                                   0x080001a9   Thumb Code    18  strcpy.o(.text)
    __aeabi_dadd                             0x080001bb   Thumb Code   322  dadd.o(.text)
    __aeabi_dsub                             0x080002fd   Thumb Code     6  dadd.o(.text)
    __aeabi_drsub                            0x08000303   Thumb Code     6  dadd.o(.text)
    __aeabi_dmul                             0x08000309   Thumb Code   228  dmul.o(.text)
    __aeabi_ddiv                             0x080003ed   Thumb Code   222  ddiv.o(.text)
    __ARM_scalbn                             0x080004cb   Thumb Code    46  dscalb.o(.text)
    scalbn                                   0x080004cb   Thumb Code     0  dscalb.o(.text)
    __aeabi_i2d                              0x080004f9   Thumb Code    34  dflti.o(.text)
    __aeabi_ui2d                             0x0800051b   Thumb Code    26  dfltui.o(.text)
    __aeabi_cdcmpeq                          0x08000535   Thumb Code     0  cdcmple.o(.text)
    __aeabi_cdcmple                          0x08000535   Thumb Code    48  cdcmple.o(.text)
    __aeabi_cdrcmple                         0x08000565   Thumb Code    48  cdrcmple.o(.text)
    __aeabi_uidiv                            0x08000595   Thumb Code     0  uidiv.o(.text)
    __aeabi_uidivmod                         0x08000595   Thumb Code    44  uidiv.o(.text)
    __aeabi_uldivmod                         0x080005c1   Thumb Code    98  uldiv.o(.text)
    __aeabi_llsl                             0x08000623   Thumb Code    30  llshl.o(.text)
    _ll_shift_l                              0x08000623   Thumb Code     0  llshl.o(.text)
    __aeabi_lasr                             0x08000641   Thumb Code    36  llsshr.o(.text)
    _ll_sshift_r                             0x08000641   Thumb Code     0  llsshr.o(.text)
    __strtod_int                             0x0800069b   Thumb Code    90  strtod.o(.text)
    __I$use$fp                               0x08000701   Thumb Code     0  iusefp.o(.text)
    _double_round                            0x08000701   Thumb Code    30  depilogue.o(.text)
    _double_epilogue                         0x0800071f   Thumb Code   156  depilogue.o(.text)
    _dsqrt                                   0x080007bb   Thumb Code   162  dsqrt.o(.text)
    __aeabi_d2iz                             0x0800085d   Thumb Code    62  dfixi.o(.text)
    __aeabi_d2ulz                            0x0800089b   Thumb Code    48  dfixul.o(.text)
    __scatterload                            0x080008cd   Thumb Code    28  init.o(.text)
    __scatterload_rt2                        0x080008cd   Thumb Code     0  init.o(.text)
    _scanf_real                              0x080009f1   Thumb Code     0  scanf_fp.o(.text)
    _scanf_really_real                       0x080009f1   Thumb Code   556  scanf_fp.o(.text)
    _sgetc                                   0x08000c29   Thumb Code    30  _sgetc.o(.text)
    _sbackspace                              0x08000c47   Thumb Code    34  _sgetc.o(.text)
    __aeabi_ul2d                             0x08000c69   Thumb Code    24  dfltul.o(.text)
    __aeabi_d2f                              0x08000c81   Thumb Code    56  d2f.o(.text)
    _float_round                             0x08000cb9   Thumb Code    18  fepilogue.o(.text)
    _float_epilogue                          0x08000ccb   Thumb Code    92  fepilogue.o(.text)
    __decompress                             0x08000d27   Thumb Code     0  __dczerorl2.o(.text)
    __decompress1                            0x08000d27   Thumb Code    86  __dczerorl2.o(.text)
    BusFault_Handler                         0x08000d7d   Thumb Code     2  stm32f1xx_it.o(i.BusFault_Handler)
    DMA1_Channel3_IRQHandler                 0x08000d81   Thumb Code     6  stm32f1xx_it.o(i.DMA1_Channel3_IRQHandler)
    DebugMon_Handler                         0x08000d8d   Thumb Code     2  stm32f1xx_it.o(i.DebugMon_Handler)
    Error_Handler                            0x08000d8f   Thumb Code     4  main.o(i.Error_Handler)
    HAL_DMA_Abort                            0x08000d93   Thumb Code    70  stm32f1xx_hal_dma.o(i.HAL_DMA_Abort)
    HAL_DMA_Abort_IT                         0x08000dd9   Thumb Code   148  stm32f1xx_hal_dma.o(i.HAL_DMA_Abort_IT)
    HAL_DMA_IRQHandler                       0x08000e71   Thumb Code   316  stm32f1xx_hal_dma.o(i.HAL_DMA_IRQHandler)
    HAL_DMA_Init                             0x08000fc5   Thumb Code    84  stm32f1xx_hal_dma.o(i.HAL_DMA_Init)
    HAL_Delay                                0x08001021   Thumb Code    32  stm32f1xx_hal.o(i.HAL_Delay)
    HAL_GPIO_Init                            0x08001045   Thumb Code   446  stm32f1xx_hal_gpio.o(i.HAL_GPIO_Init)
    HAL_GPIO_ReadPin                         0x08001225   Thumb Code    10  stm32f1xx_hal_gpio.o(i.HAL_GPIO_ReadPin)
    HAL_GPIO_WritePin                        0x0800122f   Thumb Code    10  stm32f1xx_hal_gpio.o(i.HAL_GPIO_WritePin)
    HAL_GetTick                              0x08001239   Thumb Code     6  stm32f1xx_hal.o(i.HAL_GetTick)
    HAL_IncTick                              0x08001245   Thumb Code    12  stm32f1xx_hal.o(i.HAL_IncTick)
    HAL_Init                                 0x08001255   Thumb Code    32  stm32f1xx_hal.o(i.HAL_Init)
    HAL_InitTick                             0x08001279   Thumb Code    54  stm32f1xx_hal.o(i.HAL_InitTick)
    HAL_MspInit                              0x080012b9   Thumb Code    52  stm32f1xx_hal_msp.o(i.HAL_MspInit)
    HAL_NVIC_EnableIRQ                       0x080012f5   Thumb Code    26  stm32f1xx_hal_cortex.o(i.HAL_NVIC_EnableIRQ)
    HAL_NVIC_SetPriority                     0x08001311   Thumb Code    60  stm32f1xx_hal_cortex.o(i.HAL_NVIC_SetPriority)
    HAL_NVIC_SetPriorityGrouping             0x08001351   Thumb Code    26  stm32f1xx_hal_cortex.o(i.HAL_NVIC_SetPriorityGrouping)
    HAL_RCC_ClockConfig                      0x08001375   Thumb Code   280  stm32f1xx_hal_rcc.o(i.HAL_RCC_ClockConfig)
    HAL_RCC_GetPCLK1Freq                     0x080014a1   Thumb Code    20  stm32f1xx_hal_rcc.o(i.HAL_RCC_GetPCLK1Freq)
    HAL_RCC_GetPCLK2Freq                     0x080014c1   Thumb Code    20  stm32f1xx_hal_rcc.o(i.HAL_RCC_GetPCLK2Freq)
    HAL_RCC_GetSysClockFreq                  0x080014e1   Thumb Code    74  stm32f1xx_hal_rcc.o(i.HAL_RCC_GetSysClockFreq)
    HAL_RCC_OscConfig                        0x0800154d   Thumb Code   778  stm32f1xx_hal_rcc.o(i.HAL_RCC_OscConfig)
    HAL_SPI_Init                             0x0800186d   Thumb Code   178  stm32f1xx_hal_spi.o(i.HAL_SPI_Init)
    HAL_SPI_MspInit                          0x08001921   Thumb Code   122  spi.o(i.HAL_SPI_MspInit)
    HAL_SPI_Transmit                         0x080019b1   Thumb Code   358  stm32f1xx_hal_spi.o(i.HAL_SPI_Transmit)
    HAL_SYSTICK_Config                       0x08001b17   Thumb Code    40  stm32f1xx_hal_cortex.o(i.HAL_SYSTICK_Config)
    HAL_UARTEx_RxEventCallback               0x08001b3f   Thumb Code     2  stm32f1xx_hal_uart.o(i.HAL_UARTEx_RxEventCallback)
    HAL_UART_ErrorCallback                   0x08001b41   Thumb Code     2  stm32f1xx_hal_uart.o(i.HAL_UART_ErrorCallback)
    HAL_UART_IRQHandler                      0x08001b45   Thumb Code   520  stm32f1xx_hal_uart.o(i.HAL_UART_IRQHandler)
    HAL_UART_Init                            0x08001d51   Thumb Code    98  stm32f1xx_hal_uart.o(i.HAL_UART_Init)
    HAL_UART_MspInit                         0x08001db5   Thumb Code   116  usart.o(i.HAL_UART_MspInit)
    HAL_UART_RxCpltCallback                  0x08001e35   Thumb Code     2  stm32f1xx_hal_uart.o(i.HAL_UART_RxCpltCallback)
    HAL_UART_Transmit                        0x08001e39   Thumb Code   178  stm32f1xx_hal_uart.o(i.HAL_UART_Transmit)
    HAL_UART_TxCpltCallback                  0x08001eeb   Thumb Code     2  stm32f1xx_hal_uart.o(i.HAL_UART_TxCpltCallback)
    HardFault_Handler                        0x08001eed   Thumb Code     2  stm32f1xx_it.o(i.HardFault_Handler)
    Key_judge                                0x08001ef1   Thumb Code    22  gui.o(i.Key_judge)
    MX_DMA_Init                              0x08001f15   Thumb Code    40  dma.o(i.MX_DMA_Init)
    MX_GPIO_Init                             0x08001f41   Thumb Code   258  gpio.o(i.MX_GPIO_Init)
    MX_SPI1_Init                             0x08002059   Thumb Code    62  spi.o(i.MX_SPI1_Init)
    MX_USART1_UART_Init                      0x080020a1   Thumb Code    48  usart.o(i.MX_USART1_UART_Init)
    MatrixKey                                0x080020d9   Thumb Code   742  keyboard.o(i.MatrixKey)
    MemManage_Handler                        0x080023c9   Thumb Code     2  stm32f1xx_it.o(i.MemManage_Handler)
    NMI_Handler                              0x080023cb   Thumb Code     2  stm32f1xx_it.o(i.NMI_Handler)
    PendSV_Handler                           0x080023cd   Thumb Code     2  stm32f1xx_it.o(i.PendSV_Handler)
    SVC_Handler                              0x080024a9   Thumb Code     2  stm32f1xx_it.o(i.SVC_Handler)
    SysTick_Handler                          0x080024ab   Thumb Code     4  stm32f1xx_it.o(i.SysTick_Handler)
    SystemClock_Config                       0x080024af   Thumb Code    94  main.o(i.SystemClock_Config)
    SystemInit                               0x0800250d   Thumb Code     2  system_stm32f1xx.o(i.SystemInit)
    USART1_IRQHandler                        0x08002721   Thumb Code     6  stm32f1xx_it.o(i.USART1_IRQHandler)
    UsageFault_Handler                       0x0800272d   Thumb Code     2  stm32f1xx_it.o(i.UsageFault_Handler)
    __0printf                                0x08002731   Thumb Code    22  printfa.o(i.__0printf)
    __1printf                                0x08002731   Thumb Code     0  printfa.o(i.__0printf)
    __2printf                                0x08002731   Thumb Code     0  printfa.o(i.__0printf)
    __c89printf                              0x08002731   Thumb Code     0  printfa.o(i.__0printf)
    printf                                   0x08002731   Thumb Code     0  printfa.o(i.__0printf)
    __0sprintf                               0x08002751   Thumb Code    34  printfa.o(i.__0sprintf)
    __1sprintf                               0x08002751   Thumb Code     0  printfa.o(i.__0sprintf)
    __2sprintf                               0x08002751   Thumb Code     0  printfa.o(i.__0sprintf)
    __c89sprintf                             0x08002751   Thumb Code     0  printfa.o(i.__0sprintf)
    sprintf                                  0x08002751   Thumb Code     0  printfa.o(i.__0sprintf)
    __ARM_fpclassify                         0x08002779   Thumb Code    40  fpclassify.o(i.__ARM_fpclassify)
    __ieee754_rem_pio2                       0x080027c1   Thumb Code   828  rred.o(i.__ieee754_rem_pio2)
    __kernel_cos                             0x08002b49   Thumb Code   230  cos_i.o(i.__kernel_cos)
    __kernel_poly                            0x08002c45   Thumb Code   170  poly.o(i.__kernel_poly)
    __kernel_sin                             0x08002cf1   Thumb Code   224  sin_i.o(i.__kernel_sin)
    __kernel_tan                             0x08002ddd   Thumb Code   586  tan_i.o(i.__kernel_tan)
    __mathlib_dbl_divzero                    0x08003059   Thumb Code    12  dunder.o(i.__mathlib_dbl_divzero)
    __mathlib_dbl_infnan                     0x08003069   Thumb Code     6  dunder.o(i.__mathlib_dbl_infnan)
    __mathlib_dbl_infnan2                    0x0800306f   Thumb Code     4  dunder.o(i.__mathlib_dbl_infnan2)
    __mathlib_dbl_invalid                    0x08003073   Thumb Code    12  dunder.o(i.__mathlib_dbl_invalid)
    __mathlib_dbl_overflow                   0x0800307f   Thumb Code    14  dunder.o(i.__mathlib_dbl_overflow)
    __mathlib_dbl_underflow                  0x0800308d   Thumb Code    10  dunder.o(i.__mathlib_dbl_underflow)
    __scatterload_copy                       0x0800309d   Thumb Code    14  handlers.o(i.__scatterload_copy)
    __scatterload_null                       0x080030ab   Thumb Code     2  handlers.o(i.__scatterload_null)
    __scatterload_zeroinit                   0x080030ad   Thumb Code    14  handlers.o(i.__scatterload_zeroinit)
    __set_errno                              0x080030bd   Thumb Code     6  errno.o(i.__set_errno)
    _is_digit                                0x0800324d   Thumb Code    14  scanf_fp.o(i._is_digit)
    acos                                     0x08003995   Thumb Code   574  acos.o(i.acos)
    add                                      0x08003c11   Thumb Code    62  comp.o(i.add)
    asin                                     0x08003c51   Thumb Code   572  asin.o(i.asin)
    atan                                     0x08003ec1   Thumb Code   474  atan.o(i.atan)
    calc                                     0x080040e1   Thumb Code   998  calc.o(i.calc)
    calc_d                                   0x080044f1   Thumb Code   880  calc.o(i.calc_d)
    calc_def                                 0x0800488d   Thumb Code   174  calc.o(i.calc_def)
    calc_work                                0x08004949   Thumb Code   230  comp.o(i.calc_work)
    comp_calc                                0x08004a3d   Thumb Code   798  comp.o(i.comp_calc)
    cos                                      0x08004d75   Thumb Code   148  cos.o(i.cos)
    divi                                     0x08004e11   Thumb Code   128  comp.o(i.divi)
    exp                                      0x08004e91   Thumb Code   554  exp.o(i.exp)
    fact                                     0x08005115   Thumb Code    66  calc.o(i.fact)
    fputc                                    0x0800515d   Thumb Code    20  main.o(i.fputc)
    gui_run                                  0x08005175   Thumb Code    34  gui.o(i.gui_run)
    is_op                                    0x08005197   Thumb Code    28  calc.o(i.is_op)
    key_init                                 0x080051b5   Thumb Code    42  gui.o(i.key_init)
    key_scan_lr                              0x080051e5   Thumb Code   184  gui.o(i.key_scan_lr)
    key_scan_ud                              0x080052b5   Thumb Code   574  gui.o(i.key_scan_ud)
    log                                      0x08005529   Thumb Code   808  log.o(i.log)
    log_v                                    0x08005885   Thumb Code    40  value.o(i.log_v)
    main                                     0x080058ad   Thumb Code   322  main.o(i.main)
    minus                                    0x08005a05   Thumb Code    62  comp.o(i.minus)
    mul                                      0x08005a43   Thumb Code   114  comp.o(i.mul)
    pow                                      0x08005ab5   Thumb Code  2512  pow.o(i.pow)
    show_calc_menu                           0x0800648d   Thumb Code   786  gui.o(i.show_calc_menu)
    show_comp_calc                           0x08006869   Thumb Code   614  gui.o(i.show_comp_calc)
    show_cub_calc                            0x08006b05   Thumb Code   590  gui.o(i.show_cub_calc)
    show_def_solu                            0x08006d9d   Thumb Code   756  gui.o(i.show_def_solu)
    show_equa_menu                           0x08007169   Thumb Code   236  gui.o(i.show_equa_menu)
    show_func_menu                           0x0800728d   Thumb Code   234  gui.o(i.show_func_menu)
    show_func_solu                           0x080073b1   Thumb Code   536  gui.o(i.show_func_solu)
    show_main_menu                           0x08007685   Thumb Code   192  gui.o(i.show_main_menu)
    show_quad_calc                           0x08007779   Thumb Code   784  gui.o(i.show_quad_calc)
    show_quar_calc                           0x08007af9   Thumb Code   694  gui.o(i.show_quar_calc)
    show_sub0_menu                           0x08007e01   Thumb Code   242  gui.o(i.show_sub0_menu)
    show_sub1_menu                           0x08007f1d   Thumb Code   242  gui.o(i.show_sub1_menu)
    show_sub2_menu                           0x08008039   Thumb Code   242  gui.o(i.show_sub2_menu)
    show_sub3_menu                           0x08008155   Thumb Code   242  gui.o(i.show_sub3_menu)
    show_sub4_menu                           0x08008271   Thumb Code   242  gui.o(i.show_sub4_menu)
    show_sub5_menu                           0x0800838d   Thumb Code   242  gui.o(i.show_sub5_menu)
    show_sub6_menu                           0x080084a9   Thumb Code   376  gui.o(i.show_sub6_menu)
    show_sub7_menu                           0x0800864d   Thumb Code   242  gui.o(i.show_sub7_menu)
    show_sub8_menu                           0x08008765   Thumb Code   242  gui.o(i.show_sub8_menu)
    show_sub9_menu                           0x0800887d   Thumb Code   372  gui.o(i.show_sub9_menu)
    sin                                      0x08008a1d   Thumb Code   150  sin.o(i.sin)
    solve                                    0x08008abd   Thumb Code   258  calc.o(i.solve)
    solve_3                                  0x08008be5   Thumb Code   182  calc.o(i.solve_3)
    solve_4                                  0x08008cad   Thumb Code   230  calc.o(i.solve_4)
    sqrt                                     0x08008da5   Thumb Code    76  sqrt.o(i.sqrt)
    strtod                                   0x08008df1   Thumb Code    28  strtod.o(i.strtod)
    tan                                      0x08008e0d   Thumb Code    90  tan.o(i.tan)
    trans_pin                                0x08008e71   Thumb Code    28  gui.o(i.trans_pin)
    u8g2Init                                 0x08008e8d   Thumb Code    32  gui.o(i.u8g2Init)
    u8g2_ClearBuffer                         0x08008eb9   Thumb Code    18  u8g2_buffer.o(i.u8g2_ClearBuffer)
    u8g2_DrawCircle                          0x08008ecb   Thumb Code    64  u8g2_circle.o(i.u8g2_DrawCircle)
    u8g2_DrawGlyph                           0x08008f0b   Thumb Code   112  u8g2_font.o(i.u8g2_DrawGlyph)
    u8g2_DrawHLine                           0x08008f7b   Thumb Code    12  u8g2_hvline.o(i.u8g2_DrawHLine)
    u8g2_DrawHVLine                          0x08008f89   Thumb Code   172  u8g2_hvline.o(i.u8g2_DrawHVLine)
    u8g2_DrawPixel                           0x08009035   Thumb Code    46  u8g2_hvline.o(i.u8g2_DrawPixel)
    u8g2_DrawRFrame                          0x08009063   Thumb Code   258  u8g2_box.o(i.u8g2_DrawRFrame)
    u8g2_DrawStr                             0x08009165   Thumb Code    12  u8g2_font.o(i.u8g2_DrawStr)
    u8g2_DrawVLine                           0x08009175   Thumb Code    12  u8g2_hvline.o(i.u8g2_DrawVLine)
    u8g2_FirstPage                           0x08009181   Thumb Code    28  u8g2_buffer.o(i.u8g2_FirstPage)
    u8g2_IsIntersection                      0x0800919d   Thumb Code    48  u8g2_intersection.o(i.u8g2_IsIntersection)
    u8g2_NextPage                            0x080091cd   Thumb Code    62  u8g2_buffer.o(i.u8g2_NextPage)
    u8g2_SetBufferCurrTileRow                0x0800920b   Thumb Code    28  u8g2_buffer.o(i.u8g2_SetBufferCurrTileRow)
    u8g2_SetFont                             0x08009227   Thumb Code    32  u8g2_font.o(i.u8g2_SetFont)
    u8g2_SetFontPosBaseline                  0x08009249   Thumb Code     6  u8g2_font.o(i.u8g2_SetFontPosBaseline)
    u8g2_SetMaxClipWindow                    0x08009255   Thumb Code    28  u8g2_setup.o(i.u8g2_SetMaxClipWindow)
    u8g2_SetupBuffer                         0x08009271   Thumb Code    70  u8g2_setup.o(i.u8g2_SetupBuffer)
    u8g2_Setup_ssd1306_128x64_noname_f       0x080092b9   Thumb Code    42  u8g2_d_setup.o(i.u8g2_Setup_ssd1306_128x64_noname_f)
    u8g2_UpdateRefHeight                     0x080092f1   Thumb Code    82  u8g2_font.o(i.u8g2_UpdateRefHeight)
    u8g2_add_vector_x                        0x08009343   Thumb Code    28  u8g2_font.o(i.u8g2_add_vector_x)
    u8g2_add_vector_y                        0x0800935f   Thumb Code    28  u8g2_font.o(i.u8g2_add_vector_y)
    u8g2_draw_hv_line_2dir                   0x08009549   Thumb Code    18  u8g2_hvline.o(i.u8g2_draw_hv_line_2dir)
    u8g2_draw_l90_r0                         0x0800955b   Thumb Code    12  u8g2_setup.o(i.u8g2_draw_l90_r0)
    u8g2_font_calc_vref_font                 0x080095dd   Thumb Code     4  u8g2_font.o(i.u8g2_font_calc_vref_font)
    u8g2_font_decode_get_signed_bits         0x080095e1   Thumb Code    20  u8g2_font.o(i.u8g2_font_decode_get_signed_bits)
    u8g2_font_decode_get_unsigned_bits       0x080095f5   Thumb Code    52  u8g2_font.o(i.u8g2_font_decode_get_unsigned_bits)
    u8g2_font_decode_glyph                   0x08009629   Thumb Code   276  u8g2_font.o(i.u8g2_font_decode_glyph)
    u8g2_font_decode_len                     0x0800973d   Thumb Code   140  u8g2_font.o(i.u8g2_font_decode_len)
    u8g2_font_get_glyph_data                 0x080097c9   Thumb Code   114  u8g2_font.o(i.u8g2_font_get_glyph_data)
    u8g2_is_intersection_decision_tree       0x08009883   Thumb Code    24  u8g2_intersection.o(i.u8g2_is_intersection_decision_tree)
    u8g2_ll_hvline_vertical_top_lsb          0x0800989d   Thumb Code   144  u8g2_ll_hvline.o(i.u8g2_ll_hvline_vertical_top_lsb)
    u8g2_m_16_8_f                            0x0800992d   Thumb Code     8  u8g2_d_memory.o(i.u8g2_m_16_8_f)
    u8g2_read_font_info                      0x08009939   Thumb Code   106  u8g2_font.o(i.u8g2_read_font_info)
    u8g2_update_dimension_r0                 0x08009a37   Thumb Code     4  u8g2_setup.o(i.u8g2_update_dimension_r0)
    u8g2_update_page_win_r0                  0x08009a3b   Thumb Code    34  u8g2_setup.o(i.u8g2_update_page_win_r0)
    u8x8_DrawTile                            0x08009a5d   Thumb Code    30  u8x8_display.o(i.u8x8_DrawTile)
    u8x8_InitDisplay                         0x08009a7b   Thumb Code    16  u8x8_display.o(i.u8x8_InitDisplay)
    u8x8_RefreshDisplay                      0x08009a8b   Thumb Code    16  u8x8_display.o(i.u8x8_RefreshDisplay)
    u8x8_SetPowerSave                        0x08009a9b   Thumb Code    16  u8x8_display.o(i.u8x8_SetPowerSave)
    u8x8_Setup                               0x08009aab   Thumb Code    34  u8x8_setup.o(i.u8x8_Setup)
    u8x8_SetupDefaults                       0x08009acd   Thumb Code    32  u8x8_setup.o(i.u8x8_SetupDefaults)
    u8x8_SetupMemory                         0x08009af1   Thumb Code    16  u8x8_display.o(i.u8x8_SetupMemory)
    u8x8_ascii_next                          0x08009b01   Thumb Code    14  u8x8_8x8.o(i.u8x8_ascii_next)
    u8x8_byte_4wire_hw_spi                   0x08009b11   Thumb Code    58  gui.o(i.u8x8_byte_4wire_hw_spi)
    u8x8_byte_SendByte                       0x08009b55   Thumb Code    14  u8x8_byte.o(i.u8x8_byte_SendByte)
    u8x8_byte_SetDC                          0x08009b63   Thumb Code    16  u8x8_byte.o(i.u8x8_byte_SetDC)
    u8x8_cad_001                             0x08009b73   Thumb Code    82  u8x8_cad.o(i.u8x8_cad_001)
    u8x8_cad_EndTransfer                     0x08009bc5   Thumb Code    16  u8x8_cad.o(i.u8x8_cad_EndTransfer)
    u8x8_cad_SendArg                         0x08009bd5   Thumb Code    16  u8x8_cad.o(i.u8x8_cad_SendArg)
    u8x8_cad_SendCmd                         0x08009be5   Thumb Code    16  u8x8_cad.o(i.u8x8_cad_SendCmd)
    u8x8_cad_SendData                        0x08009bf5   Thumb Code    16  u8x8_cad.o(i.u8x8_cad_SendData)
    u8x8_cad_SendSequence                    0x08009c05   Thumb Code   104  u8x8_cad.o(i.u8x8_cad_SendSequence)
    u8x8_cad_StartTransfer                   0x08009c6d   Thumb Code    16  u8x8_cad.o(i.u8x8_cad_StartTransfer)
    u8x8_d_helper_display_init               0x08009c7d   Thumb Code    96  u8x8_display.o(i.u8x8_d_helper_display_init)
    u8x8_d_helper_display_setup_memory       0x08009cdd   Thumb Code    10  u8x8_display.o(i.u8x8_d_helper_display_setup_memory)
    u8x8_d_ssd1306_128x64_noname             0x08009ce9   Thumb Code    52  u8x8_d_ssd1306_128x64_noname.o(i.u8x8_d_ssd1306_128x64_noname)
    u8x8_dummy_cb                            0x08009ded   Thumb Code     4  u8x8_setup.o(i.u8x8_dummy_cb)
    u8x8_gpio_call                           0x08009df1   Thumb Code    12  u8x8_gpio.o(i.u8x8_gpio_call)
    u8x8_stm32_gpio_and_delay                0x08009dfd   Thumb Code    46  gui.o(i.u8x8_stm32_gpio_and_delay)
    u8x8_utf8_init                           0x08009e31   Thumb Code     8  u8x8_8x8.o(i.u8x8_utf8_init)
    value                                    0x08009e39   Thumb Code    32  calc.o(i.value)
    value_3                                  0x08009e59   Thumb Code   112  calc.o(i.value_3)
    value_4                                  0x08009ec9   Thumb Code   162  calc.o(i.value_4)
    work                                     0x08009f6d   Thumb Code   244  calc.o(i.work)
    AHBPrescTable                            0x0800a068   Data          16  system_stm32f1xx.o(.constdata)
    APBPrescTable                            0x0800a078   Data           8  system_stm32f1xx.o(.constdata)
    u8g2_font_6x12_tf                        0x0800a080   Data        1989  u8g2_fonts.o(.constdata)
    u8g2_cb_r0                               0x0800a848   Data          12  u8g2_setup.o(.constdata)
    __ctype_table                            0x0800ac00   Data         129  ctype_o.o(.constdata)
    __mathlib_zero                           0x0800acb8   Data           8  qnan.o(.constdata)
    Region$$Table$$Base                      0x0800aeac   Number         0  anon$$obj.o(Region$$Table)
    Region$$Table$$Limit                     0x0800aecc   Number         0  anon$$obj.o(Region$$Table)
    legal                                    0x20000000   Data           1  calc.o(.data)
    top_int                                  0x20000004   Data           4  calc.o(.data)
    top_op                                   0x20000008   Data           4  calc.o(.data)
    pr                                       0x2000000c   Data          28  calc.o(.data)
    is_first                                 0x20000028   Data           1  gui.o(.data)
    e_first                                  0x20000029   Data           1  gui.o(.data)
    d_y                                      0x2000002c   Data           4  gui.o(.data)
    d_y_trg                                  0x20000030   Data           4  gui.o(.data)
    a                                        0x20000034   Data           4  gui.o(.data)
    b                                        0x20000038   Data           4  gui.o(.data)
    c                                        0x2000003c   Data           4  gui.o(.data)
    d                                        0x20000040   Data           4  gui.o(.data)
    a_idx                                    0x20000044   Data           4  gui.o(.data)
    b_idx                                    0x20000048   Data           4  gui.o(.data)
    c_idx                                    0x2000004c   Data           4  gui.o(.data)
    d_idx                                    0x20000050   Data           4  gui.o(.data)
    e_idx                                    0x20000054   Data           4  gui.o(.data)
    def_y                                    0x20000058   Data           4  gui.o(.data)
    def_y_trg                                0x2000005c   Data           4  gui.o(.data)
    a_y                                      0x20000098   Data           4  gui.o(.data)
    a_y_trg                                  0x2000009c   Data           4  gui.o(.data)
    b_y                                      0x200000a0   Data           4  gui.o(.data)
    b_y_trg                                  0x200000a4   Data           4  gui.o(.data)
    c_y                                      0x200000a8   Data           4  gui.o(.data)
    c_y_trg                                  0x200000ac   Data           4  gui.o(.data)
    x                                        0x200000b0   Data           4  main.o(.data)
    y                                        0x200000b4   Data           4  main.o(.data)
    y_trg                                    0x200000b8   Data           4  main.o(.data)
    f_y                                      0x200000bc   Data           4  main.o(.data)
    f_x                                      0x200000c0   Data           4  main.o(.data)
    ui_func_select                           0x200000c4   Data           4  main.o(.data)
    ui_equa_select                           0x200000c8   Data           4  main.o(.data)
    idx                                      0x200000cc   Data           4  main.o(.data)
    f_len                                    0x200000d0   Data           4  main.o(.data)
    f_len_trg                                0x200000d4   Data           4  main.o(.data)
    ef_len                                   0x200000d8   Data           4  main.o(.data)
    ef_len_trg                               0x200000dc   Data           4  main.o(.data)
    list                                     0x200000e0   Data          80  main.o(.data)
    ui_menu_select                           0x20000130   Data           4  main.o(.data)
    menu_x                                   0x20000134   Data           4  main.o(.data)
    menu_y                                   0x20000138   Data           4  main.o(.data)
    menu_x_trg                               0x2000013c   Data           4  main.o(.data)
    menu_y_trg                               0x20000140   Data           4  main.o(.data)
    equa_x                                   0x20000144   Data           4  main.o(.data)
    equa_y                                   0x20000148   Data           4  main.o(.data)
    equa_y_trg                               0x2000014c   Data           4  main.o(.data)
    equa_2_select                            0x20000150   Data           4  main.o(.data)
    equa_3_select                            0x20000154   Data           4  main.o(.data)
    equa_4_select                            0x20000158   Data           4  main.o(.data)
    ef_x                                     0x2000015c   Data           4  main.o(.data)
    ef_y                                     0x20000160   Data           4  main.o(.data)
    key_state                                0x20000164   Data           4  main.o(.data)
    def_select                               0x20000168   Data           4  main.o(.data)
    menu                                     0x2000016c   Data          40  main.o(.data)
    equalist                                 0x20000194   Data          32  main.o(.data)
    f_y_trg                                  0x200001b4   Data           4  main.o(.data)
    f_x_trg                                  0x200001b8   Data           4  main.o(.data)
    ef_y_trg                                 0x200001bc   Data           4  main.o(.data)
    ef_x_trg                                 0x200001c0   Data           4  main.o(.data)
    top_comp                                 0x200001c4   Data           4  comp.o(.data)
    top_comp_op                              0x200001c8   Data           4  comp.o(.data)
    top_comp_int                             0x200001cc   Data           4  comp.o(.data)
    prc                                      0x200001d0   Data          24  comp.o(.data)
    uwTickFreq                               0x200001e8   Data           1  stm32f1xx_hal.o(.data)
    uwTickPrio                               0x200001ec   Data           4  stm32f1xx_hal.o(.data)
    uwTick                                   0x200001f0   Data           4  stm32f1xx_hal.o(.data)
    SystemCoreClock                          0x200001f4   Data           4  system_stm32f1xx.o(.data)
    __stdout                                 0x200001f8   Data           4  stdout.o(.data)
    stk_int                                  0x20000200   Data         800  calc.o(.bss)
    stk_op                                   0x20000520   Data         100  calc.o(.bss)
    str                                      0x20000584   Data         100  gui.o(.bss)
    res                                      0x200005e8   Data         100  gui.o(.bss)
    next                                     0x2000064c   Data         100  gui.o(.bss)
    third                                    0x200006b0   Data         100  gui.o(.bss)
    av                                       0x20000714   Data         100  gui.o(.bss)
    bv                                       0x20000778   Data         100  gui.o(.bss)
    cv                                       0x200007dc   Data         100  gui.o(.bss)
    dv                                       0x20000840   Data         100  gui.o(.bss)
    ev                                       0x200008a4   Data         100  gui.o(.bss)
    c_ans                                    0x20000908   Data         100  gui.o(.bss)
    res_i                                    0x2000096c   Data         100  gui.o(.bss)
    key                                      0x200009d0   Data          16  main.o(.bss)
    hspi1                                    0x200009e0   Data          88  spi.o(.bss)
    hdma_spi1_tx                             0x20000a38   Data          68  spi.o(.bss)
    huart1                                   0x20000a7c   Data          68  usart.o(.bss)
    stk_comp                                 0x20000ac0   Data        1600  comp.o(.bss)
    stk_comp_op                              0x20001100   Data         100  comp.o(.bss)
    stk_comp_int                             0x20001168   Data         800  comp.o(.bss)
    __initial_sp                             0x20001c88   Data           0  startup_stm32f103xb.o(STACK)



==============================================================================

Memory Map of the image

  Image Entry point : 0x080000ed

  Load Region LR_IROM1 (Base: 0x08000000, Size: 0x0000b0cc, Max: 0x00020000, ABSOLUTE, COMPRESSED[0x0000af58])

    Execution Region ER_IROM1 (Base: 0x08000000, Size: 0x0000aecc, Max: 0x00020000, ABSOLUTE)

    Base Addr    Size         Type   Attr      Idx    E Section Name        Object

    0x08000000   0x000000ec   Data   RO            3    RESET               startup_stm32f103xb.o
    0x080000ec   0x00000000   Code   RO         7590  * .ARM.Collect$$$$00000000  mc_w.l(entry.o)
    0x080000ec   0x00000004   Code   RO         7953    .ARM.Collect$$$$00000001  mc_w.l(entry2.o)
    0x080000f0   0x00000004   Code   RO         7956    .ARM.Collect$$$$00000004  mc_w.l(entry5.o)
    0x080000f4   0x00000000   Code   RO         7958    .ARM.Collect$$$$00000008  mc_w.l(entry7b.o)
    0x080000f4   0x00000000   Code   RO         7960    .ARM.Collect$$$$0000000A  mc_w.l(entry8b.o)
    0x080000f4   0x00000008   Code   RO         7961    .ARM.Collect$$$$0000000B  mc_w.l(entry9a.o)
    0x080000fc   0x00000000   Code   RO         7963    .ARM.Collect$$$$0000000D  mc_w.l(entry10a.o)
    0x080000fc   0x00000000   Code   RO         7965    .ARM.Collect$$$$0000000F  mc_w.l(entry11a.o)
    0x080000fc   0x00000004   Code   RO         7954    .ARM.Collect$$$$00002712  mc_w.l(entry2.o)
    0x08000100   0x00000024   Code   RO            4    .text               startup_stm32f103xb.o
    0x08000124   0x00000020   Code   RO         7593    .text               mc_w.l(llushr.o)
    0x08000144   0x00000008   Code   RO         7595    .text               mc_w.l(ctype_o.o)
    0x0800014c   0x00000012   Code   RO         7617    .text               mc_w.l(isspace_o.o)
    0x0800015e   0x00000024   Code   RO         7623    .text               mc_w.l(memseta.o)
    0x08000182   0x00000018   Code   RO         7625    .text               mc_w.l(strcat.o)
    0x0800019a   0x0000000e   Code   RO         7627    .text               mc_w.l(strlen.o)
    0x080001a8   0x00000012   Code   RO         7629    .text               mc_w.l(strcpy.o)
    0x080001ba   0x0000014e   Code   RO         7892    .text               mf_w.l(dadd.o)
    0x08000308   0x000000e4   Code   RO         7894    .text               mf_w.l(dmul.o)
    0x080003ec   0x000000de   Code   RO         7896    .text               mf_w.l(ddiv.o)
    0x080004ca   0x0000002e   Code   RO         7898    .text               mf_w.l(dscalb.o)
    0x080004f8   0x00000022   Code   RO         7900    .text               mf_w.l(dflti.o)
    0x0800051a   0x0000001a   Code   RO         7902    .text               mf_w.l(dfltui.o)
    0x08000534   0x00000030   Code   RO         7904    .text               mf_w.l(cdcmple.o)
    0x08000564   0x00000030   Code   RO         7906    .text               mf_w.l(cdrcmple.o)
    0x08000594   0x0000002c   Code   RO         7968    .text               mc_w.l(uidiv.o)
    0x080005c0   0x00000062   Code   RO         7970    .text               mc_w.l(uldiv.o)
    0x08000622   0x0000001e   Code   RO         7972    .text               mc_w.l(llshl.o)
    0x08000640   0x00000024   Code   RO         7974    .text               mc_w.l(llsshr.o)
    0x08000664   0x0000009c   Code   RO         7983    .text               mc_w.l(strtod.o)
    0x08000700   0x00000000   Code   RO         7985    .text               mc_w.l(iusefp.o)
    0x08000700   0x000000ba   Code   RO         7986    .text               mf_w.l(depilogue.o)
    0x080007ba   0x000000a2   Code   RO         7988    .text               mf_w.l(dsqrt.o)
    0x0800085c   0x0000003e   Code   RO         7990    .text               mf_w.l(dfixi.o)
    0x0800089a   0x00000030   Code   RO         7992    .text               mf_w.l(dfixul.o)
    0x080008ca   0x00000002   PAD
    0x080008cc   0x00000024   Code   RO         7994    .text               mc_w.l(init.o)
    0x080008f0   0x00000338   Code   RO         7998    .text               mc_w.l(scanf_fp.o)
    0x08000c28   0x00000040   Code   RO         8002    .text               mc_w.l(_sgetc.o)
    0x08000c68   0x00000018   Code   RO         8007    .text               mf_w.l(dfltul.o)
    0x08000c80   0x00000038   Code   RO         8009    .text               mf_w.l(d2f.o)
    0x08000cb8   0x0000006e   Code   RO         8011    .text               mf_w.l(fepilogue.o)
    0x08000d26   0x00000056   Code   RO         8021    .text               mc_w.l(__dczerorl2.o)
    0x08000d7c   0x00000002   Code   RO          962    i.BusFault_Handler  stm32f1xx_it.o
    0x08000d7e   0x00000002   PAD
    0x08000d80   0x0000000c   Code   RO          963    i.DMA1_Channel3_IRQHandler  stm32f1xx_it.o
    0x08000d8c   0x00000002   Code   RO          964    i.DebugMon_Handler  stm32f1xx_it.o
    0x08000d8e   0x00000004   Code   RO          708    i.Error_Handler     main.o
    0x08000d92   0x00000046   Code   RO         1874    i.HAL_DMA_Abort     stm32f1xx_hal_dma.o
    0x08000dd8   0x00000098   Code   RO         1875    i.HAL_DMA_Abort_IT  stm32f1xx_hal_dma.o
    0x08000e70   0x00000154   Code   RO         1879    i.HAL_DMA_IRQHandler  stm32f1xx_hal_dma.o
    0x08000fc4   0x0000005c   Code   RO         1880    i.HAL_DMA_Init      stm32f1xx_hal_dma.o
    0x08001020   0x00000024   Code   RO         1502    i.HAL_Delay         stm32f1xx_hal.o
    0x08001044   0x000001e0   Code   RO         1810    i.HAL_GPIO_Init     stm32f1xx_hal_gpio.o
    0x08001224   0x0000000a   Code   RO         1812    i.HAL_GPIO_ReadPin  stm32f1xx_hal_gpio.o
    0x0800122e   0x0000000a   Code   RO         1814    i.HAL_GPIO_WritePin  stm32f1xx_hal_gpio.o
    0x08001238   0x0000000c   Code   RO         1506    i.HAL_GetTick       stm32f1xx_hal.o
    0x08001244   0x00000010   Code   RO         1512    i.HAL_IncTick       stm32f1xx_hal.o
    0x08001254   0x00000024   Code   RO         1513    i.HAL_Init          stm32f1xx_hal.o
    0x08001278   0x00000040   Code   RO         1514    i.HAL_InitTick      stm32f1xx_hal.o
    0x080012b8   0x0000003c   Code   RO         1050    i.HAL_MspInit       stm32f1xx_hal_msp.o
    0x080012f4   0x0000001a   Code   RO         1970    i.HAL_NVIC_EnableIRQ  stm32f1xx_hal_cortex.o
    0x0800130e   0x00000002   PAD
    0x08001310   0x00000040   Code   RO         1976    i.HAL_NVIC_SetPriority  stm32f1xx_hal_cortex.o
    0x08001350   0x00000024   Code   RO         1977    i.HAL_NVIC_SetPriorityGrouping  stm32f1xx_hal_cortex.o
    0x08001374   0x0000012c   Code   RO         1670    i.HAL_RCC_ClockConfig  stm32f1xx_hal_rcc.o
    0x080014a0   0x00000020   Code   RO         1677    i.HAL_RCC_GetPCLK1Freq  stm32f1xx_hal_rcc.o
    0x080014c0   0x00000020   Code   RO         1678    i.HAL_RCC_GetPCLK2Freq  stm32f1xx_hal_rcc.o
    0x080014e0   0x0000006c   Code   RO         1679    i.HAL_RCC_GetSysClockFreq  stm32f1xx_hal_rcc.o
    0x0800154c   0x00000320   Code   RO         1682    i.HAL_RCC_OscConfig  stm32f1xx_hal_rcc.o
    0x0800186c   0x000000b2   Code   RO         1184    i.HAL_SPI_Init      stm32f1xx_hal_spi.o
    0x0800191e   0x00000002   PAD
    0x08001920   0x00000090   Code   RO          879    i.HAL_SPI_MspInit   spi.o
    0x080019b0   0x00000166   Code   RO         1192    i.HAL_SPI_Transmit  stm32f1xx_hal_spi.o
    0x08001b16   0x00000028   Code   RO         1981    i.HAL_SYSTICK_Config  stm32f1xx_hal_cortex.o
    0x08001b3e   0x00000002   Code   RO         2517    i.HAL_UARTEx_RxEventCallback  stm32f1xx_hal_uart.o
    0x08001b40   0x00000002   Code   RO         2531    i.HAL_UART_ErrorCallback  stm32f1xx_hal_uart.o
    0x08001b42   0x00000002   PAD
    0x08001b44   0x0000020c   Code   RO         2534    i.HAL_UART_IRQHandler  stm32f1xx_hal_uart.o
    0x08001d50   0x00000062   Code   RO         2535    i.HAL_UART_Init     stm32f1xx_hal_uart.o
    0x08001db2   0x00000002   PAD
    0x08001db4   0x00000080   Code   RO          921    i.HAL_UART_MspInit  usart.o
    0x08001e34   0x00000002   Code   RO         2541    i.HAL_UART_RxCpltCallback  stm32f1xx_hal_uart.o
    0x08001e36   0x00000002   PAD
    0x08001e38   0x000000b2   Code   RO         2543    i.HAL_UART_Transmit  stm32f1xx_hal_uart.o
    0x08001eea   0x00000002   Code   RO         2546    i.HAL_UART_TxCpltCallback  stm32f1xx_hal_uart.o
    0x08001eec   0x00000002   Code   RO          965    i.HardFault_Handler  stm32f1xx_it.o
    0x08001eee   0x00000002   PAD
    0x08001ef0   0x00000024   Code   RO          465    i.Key_judge         gui.o
    0x08001f14   0x0000002c   Code   RO          854    i.MX_DMA_Init       dma.o
    0x08001f40   0x00000118   Code   RO          830    i.MX_GPIO_Init      gpio.o
    0x08002058   0x00000048   Code   RO          880    i.MX_SPI1_Init      spi.o
    0x080020a0   0x00000038   Code   RO          922    i.MX_USART1_UART_Init  usart.o
    0x080020d8   0x000002f0   Code   RO          324    i.MatrixKey         keyboard.o
    0x080023c8   0x00000002   Code   RO          966    i.MemManage_Handler  stm32f1xx_it.o
    0x080023ca   0x00000002   Code   RO          967    i.NMI_Handler       stm32f1xx_it.o
    0x080023cc   0x00000002   Code   RO          968    i.PendSV_Handler    stm32f1xx_it.o
    0x080023ce   0x00000020   Code   RO         1222    i.SPI_EndRxTxTransaction  stm32f1xx_hal_spi.o
    0x080023ee   0x00000002   PAD
    0x080023f0   0x000000b8   Code   RO         1227    i.SPI_WaitFlagStateUntilTimeout  stm32f1xx_hal_spi.o
    0x080024a8   0x00000002   Code   RO          969    i.SVC_Handler       stm32f1xx_it.o
    0x080024aa   0x00000004   Code   RO          970    i.SysTick_Handler   stm32f1xx_it.o
    0x080024ae   0x0000005e   Code   RO          709    i.SystemClock_Config  main.o
    0x0800250c   0x00000002   Code   RO         2864    i.SystemInit        system_stm32f1xx.o
    0x0800250e   0x00000010   Code   RO         2548    i.UART_DMAAbortOnError  stm32f1xx_hal_uart.o
    0x0800251e   0x00000030   Code   RO         2558    i.UART_EndRxTransfer  stm32f1xx_hal_uart.o
    0x0800254e   0x000000b6   Code   RO         2560    i.UART_Receive_IT   stm32f1xx_hal_uart.o
    0x08002604   0x000000b8   Code   RO         2561    i.UART_SetConfig    stm32f1xx_hal_uart.o
    0x080026bc   0x00000064   Code   RO         2564    i.UART_WaitOnFlagUntilTimeout  stm32f1xx_hal_uart.o
    0x08002720   0x0000000c   Code   RO          971    i.USART1_IRQHandler  stm32f1xx_it.o
    0x0800272c   0x00000002   Code   RO          972    i.UsageFault_Handler  stm32f1xx_it.o
    0x0800272e   0x00000002   PAD
    0x08002730   0x00000020   Code   RO         7864    i.__0printf         mc_w.l(printfa.o)
    0x08002750   0x00000028   Code   RO         7866    i.__0sprintf        mc_w.l(printfa.o)
    0x08002778   0x00000028   Code   RO         7931    i.__ARM_fpclassify  m_ws.l(fpclassify.o)
    0x080027a0   0x00000020   Code   RO         1983    i.__NVIC_SetPriority  stm32f1xx_hal_cortex.o
    0x080027c0   0x00000388   Code   RO         7936    i.__ieee754_rem_pio2  m_ws.l(rred.o)
    0x08002b48   0x000000fc   Code   RO         7908    i.__kernel_cos      m_ws.l(cos_i.o)
    0x08002c44   0x000000aa   Code   RO         7933    i.__kernel_poly     m_ws.l(poly.o)
    0x08002cee   0x00000002   PAD
    0x08002cf0   0x000000ec   Code   RO         7941    i.__kernel_sin      m_ws.l(sin_i.o)
    0x08002ddc   0x0000027c   Code   RO         7947    i.__kernel_tan      m_ws.l(tan_i.o)
    0x08003058   0x00000010   Code   RO         7911    i.__mathlib_dbl_divzero  m_ws.l(dunder.o)
    0x08003068   0x00000006   Code   RO         7912    i.__mathlib_dbl_infnan  m_ws.l(dunder.o)
    0x0800306e   0x00000004   Code   RO         7913    i.__mathlib_dbl_infnan2  m_ws.l(dunder.o)
    0x08003072   0x0000000c   Code   RO         7914    i.__mathlib_dbl_invalid  m_ws.l(dunder.o)
    0x0800307e   0x0000000e   Code   RO         7915    i.__mathlib_dbl_overflow  m_ws.l(dunder.o)
    0x0800308c   0x00000010   Code   RO         7917    i.__mathlib_dbl_underflow  m_ws.l(dunder.o)
    0x0800309c   0x0000000e   Code   RO         8015    i.__scatterload_copy  mc_w.l(handlers.o)
    0x080030aa   0x00000002   Code   RO         8016    i.__scatterload_null  mc_w.l(handlers.o)
    0x080030ac   0x0000000e   Code   RO         8017    i.__scatterload_zeroinit  mc_w.l(handlers.o)
    0x080030ba   0x00000002   PAD
    0x080030bc   0x0000000c   Code   RO         7978    i.__set_errno       mc_w.l(errno.o)
    0x080030c8   0x00000184   Code   RO         7871    i._fp_digits        mc_w.l(printfa.o)
    0x0800324c   0x0000000e   Code   RO         8000    i._is_digit         mc_w.l(scanf_fp.o)
    0x0800325a   0x00000002   PAD
    0x0800325c   0x000006dc   Code   RO         7872    i._printf_core      mc_w.l(printfa.o)
    0x08003938   0x00000024   Code   RO         7873    i._printf_post_padding  mc_w.l(printfa.o)
    0x0800395c   0x0000002e   Code   RO         7874    i._printf_pre_padding  mc_w.l(printfa.o)
    0x0800398a   0x0000000a   Code   RO         7876    i._sputc            mc_w.l(printfa.o)
    0x08003994   0x0000027c   Code   RO         7467    i.acos              m_ws.l(acos.o)
    0x08003c10   0x0000003e   Code   RO         1074    i.add               comp.o
    0x08003c4e   0x00000002   PAD
    0x08003c50   0x00000270   Code   RO         7477    i.asin              m_ws.l(asin.o)
    0x08003ec0   0x00000220   Code   RO         7487    i.atan              m_ws.l(atan.o)
    0x080040e0   0x00000410   Code   RO           13    i.calc              calc.o
    0x080044f0   0x0000039c   Code   RO           14    i.calc_d            calc.o
    0x0800488c   0x000000bc   Code   RO           15    i.calc_def          calc.o
    0x08004948   0x000000f4   Code   RO         1075    i.calc_work         comp.o
    0x08004a3c   0x00000338   Code   RO         1076    i.comp_calc         comp.o
    0x08004d74   0x0000009c   Code   RO         7497    i.cos               m_ws.l(cos.o)
    0x08004e10   0x00000080   Code   RO         1077    i.divi              comp.o
    0x08004e90   0x00000284   Code   RO         7515    i.exp               m_ws.l(exp.o)
    0x08005114   0x00000048   Code   RO           16    i.fact              calc.o
    0x0800515c   0x00000018   Code   RO          711    i.fputc             main.o
    0x08005174   0x00000022   Code   RO          467    i.gui_run           gui.o
    0x08005196   0x0000001c   Code   RO           17    i.is_op             calc.o
    0x080051b2   0x00000002   PAD
    0x080051b4   0x00000030   Code   RO          468    i.key_init          gui.o
    0x080051e4   0x000000d0   Code   RO          469    i.key_scan_lr       gui.o
    0x080052b4   0x00000274   Code   RO          470    i.key_scan_ud       gui.o
    0x08005528   0x0000035c   Code   RO         7525    i.log               m_ws.l(log.o)
    0x08005884   0x00000028   Code   RO          236    i.log_v             value.o
    0x080058ac   0x00000158   Code   RO          712    i.main              main.o
    0x08005a04   0x0000003e   Code   RO         1078    i.minus             comp.o
    0x08005a42   0x00000072   Code   RO         1079    i.mul               comp.o
    0x08005ab4   0x000009d8   Code   RO         7535    i.pow               m_ws.l(pow.o)
    0x0800648c   0x000003dc   Code   RO          471    i.show_calc_menu    gui.o
    0x08006868   0x0000029c   Code   RO          472    i.show_comp_calc    gui.o
    0x08006b04   0x00000298   Code   RO          473    i.show_cub_calc     gui.o
    0x08006d9c   0x000003cc   Code   RO          474    i.show_def_solu     gui.o
    0x08007168   0x00000124   Code   RO          475    i.show_equa_menu    gui.o
    0x0800728c   0x00000124   Code   RO          476    i.show_func_menu    gui.o
    0x080073b0   0x000002d4   Code   RO          477    i.show_func_solu    gui.o
    0x08007684   0x000000f4   Code   RO          478    i.show_main_menu    gui.o
    0x08007778   0x00000380   Code   RO          479    i.show_quad_calc    gui.o
    0x08007af8   0x00000308   Code   RO          480    i.show_quar_calc    gui.o
    0x08007e00   0x0000011c   Code   RO          481    i.show_sub0_menu    gui.o
    0x08007f1c   0x0000011c   Code   RO          482    i.show_sub1_menu    gui.o
    0x08008038   0x0000011c   Code   RO          483    i.show_sub2_menu    gui.o
    0x08008154   0x0000011c   Code   RO          484    i.show_sub3_menu    gui.o
    0x08008270   0x0000011c   Code   RO          485    i.show_sub4_menu    gui.o
    0x0800838c   0x0000011c   Code   RO          486    i.show_sub5_menu    gui.o
    0x080084a8   0x000001a4   Code   RO          487    i.show_sub6_menu    gui.o
    0x0800864c   0x00000118   Code   RO          488    i.show_sub7_menu    gui.o
    0x08008764   0x00000118   Code   RO          489    i.show_sub8_menu    gui.o
    0x0800887c   0x000001a0   Code   RO          490    i.show_sub9_menu    gui.o
    0x08008a1c   0x000000a0   Code   RO         7545    i.sin               m_ws.l(sin.o)
    0x08008abc   0x00000128   Code   RO           18    i.solve             calc.o
    0x08008be4   0x000000c8   Code   RO           20    i.solve_3           calc.o
    0x08008cac   0x000000f8   Code   RO           21    i.solve_4           calc.o
    0x08008da4   0x0000004c   Code   RO         7563    i.sqrt              m_ws.l(sqrt.o)
    0x08008df0   0x0000001c   Code   RO         7571    i.strtod            m_ws.l(strtod.o)
    0x08008e0c   0x00000064   Code   RO         7575    i.tan               m_ws.l(tan.o)
    0x08008e70   0x0000001c   Code   RO          491    i.trans_pin         gui.o
    0x08008e8c   0x0000002c   Code   RO          492    i.u8g2Init          gui.o
    0x08008eb8   0x00000012   Code   RO         3576    i.u8g2_ClearBuffer  u8g2_buffer.o
    0x08008eca   0x00000040   Code   RO         3670    i.u8g2_DrawCircle   u8g2_circle.o
    0x08008f0a   0x00000070   Code   RO         3785    i.u8g2_DrawGlyph    u8g2_font.o
    0x08008f7a   0x0000000c   Code   RO         6009    i.u8g2_DrawHLine    u8g2_hvline.o
    0x08008f86   0x00000002   PAD
    0x08008f88   0x000000ac   Code   RO         6010    i.u8g2_DrawHVLine   u8g2_hvline.o
    0x08009034   0x0000002e   Code   RO         6011    i.u8g2_DrawPixel    u8g2_hvline.o
    0x08009062   0x00000102   Code   RO         3549    i.u8g2_DrawRFrame   u8g2_box.o
    0x08009164   0x00000010   Code   RO         3787    i.u8g2_DrawStr      u8g2_font.o
    0x08009174   0x0000000c   Code   RO         6012    i.u8g2_DrawVLine    u8g2_hvline.o
    0x08009180   0x0000001c   Code   RO         3577    i.u8g2_FirstPage    u8g2_buffer.o
    0x0800919c   0x00000030   Code   RO         6071    i.u8g2_IsIntersection  u8g2_intersection.o
    0x080091cc   0x0000003e   Code   RO         3578    i.u8g2_NextPage     u8g2_buffer.o
    0x0800920a   0x0000001c   Code   RO         3580    i.u8g2_SetBufferCurrTileRow  u8g2_buffer.o
    0x08009226   0x00000020   Code   RO         3803    i.u8g2_SetFont      u8g2_font.o
    0x08009246   0x00000002   PAD
    0x08009248   0x0000000c   Code   RO         3806    i.u8g2_SetFontPosBaseline  u8g2_font.o
    0x08009254   0x0000001c   Code   RO         6259    i.u8g2_SetMaxClipWindow  u8g2_setup.o
    0x08009270   0x00000046   Code   RO         6260    i.u8g2_SetupBuffer  u8g2_setup.o
    0x080092b6   0x00000002   PAD
    0x080092b8   0x00000038   Code   RO         3765    i.u8g2_Setup_ssd1306_128x64_noname_f  u8g2_d_setup.o
    0x080092f0   0x00000052   Code   RO         3813    i.u8g2_UpdateRefHeight  u8g2_font.o
    0x08009342   0x0000001c   Code   RO         3814    i.u8g2_add_vector_x  u8g2_font.o
    0x0800935e   0x0000001c   Code   RO         3815    i.u8g2_add_vector_y  u8g2_font.o
    0x0800937a   0x0000006e   Code   RO         6262    i.u8g2_apply_clip_window  u8g2_setup.o
    0x080093e8   0x0000003c   Code   RO         6014    i.u8g2_clip_intersection2  u8g2_hvline.o
    0x08009424   0x0000006a   Code   RO         3674    i.u8g2_draw_circle  u8g2_circle.o
    0x0800948e   0x000000ba   Code   RO         3675    i.u8g2_draw_circle_section  u8g2_circle.o
    0x08009548   0x00000012   Code   RO         6015    i.u8g2_draw_hv_line_2dir  u8g2_hvline.o
    0x0800955a   0x0000000c   Code   RO         6264    i.u8g2_draw_l90_r0  u8g2_setup.o
    0x08009566   0x00000076   Code   RO         3816    i.u8g2_draw_string  u8g2_font.o
    0x080095dc   0x00000004   Code   RO         3822    i.u8g2_font_calc_vref_font  u8g2_font.o
    0x080095e0   0x00000014   Code   RO         3824    i.u8g2_font_decode_get_signed_bits  u8g2_font.o
    0x080095f4   0x00000034   Code   RO         3825    i.u8g2_font_decode_get_unsigned_bits  u8g2_font.o
    0x08009628   0x00000114   Code   RO         3826    i.u8g2_font_decode_glyph  u8g2_font.o
    0x0800973c   0x0000008c   Code   RO         3827    i.u8g2_font_decode_len  u8g2_font.o
    0x080097c8   0x00000072   Code   RO         3828    i.u8g2_font_get_glyph_data  u8g2_font.o
    0x0800983a   0x00000014   Code   RO         3829    i.u8g2_font_get_word  u8g2_font.o
    0x0800984e   0x00000034   Code   RO         3830    i.u8g2_font_setup_decode  u8g2_font.o
    0x08009882   0x00000018   Code   RO         6072    i.u8g2_is_intersection_decision_tree  u8g2_intersection.o
    0x0800989a   0x00000002   PAD
    0x0800989c   0x00000090   Code   RO         6120    i.u8g2_ll_hvline_vertical_top_lsb  u8g2_ll_hvline.o
    0x0800992c   0x0000000c   Code   RO         3752    i.u8g2_m_16_8_f     u8g2_d_memory.o
    0x08009938   0x0000006a   Code   RO         3831    i.u8g2_read_font_info  u8g2_font.o
    0x080099a2   0x0000004e   Code   RO         3587    i.u8g2_send_buffer  u8g2_buffer.o
    0x080099f0   0x00000046   Code   RO         6269    i.u8g2_update_dimension_common  u8g2_setup.o
    0x08009a36   0x00000004   Code   RO         6270    i.u8g2_update_dimension_r0  u8g2_setup.o
    0x08009a3a   0x00000022   Code   RO         6274    i.u8g2_update_page_win_r0  u8g2_setup.o
    0x08009a5c   0x0000001e   Code   RO         7047    i.u8x8_DrawTile     u8x8_display.o
    0x08009a7a   0x00000010   Code   RO         7049    i.u8x8_InitDisplay  u8x8_display.o
    0x08009a8a   0x00000010   Code   RO         7051    i.u8x8_RefreshDisplay  u8x8_display.o
    0x08009a9a   0x00000010   Code   RO         7054    i.u8x8_SetPowerSave  u8x8_display.o
    0x08009aaa   0x00000022   Code   RO         7353    i.u8x8_Setup        u8x8_setup.o
    0x08009acc   0x00000024   Code   RO         7354    i.u8x8_SetupDefaults  u8x8_setup.o
    0x08009af0   0x00000010   Code   RO         7055    i.u8x8_SetupMemory  u8x8_display.o
    0x08009b00   0x0000000e   Code   RO         6554    i.u8x8_ascii_next   u8x8_8x8.o
    0x08009b0e   0x00000002   PAD
    0x08009b10   0x00000044   Code   RO          493    i.u8x8_byte_4wire_hw_spi  gui.o
    0x08009b54   0x0000000e   Code   RO         6680    i.u8x8_byte_SendByte  u8x8_byte.o
    0x08009b62   0x00000010   Code   RO         6682    i.u8x8_byte_SetDC   u8x8_byte.o
    0x08009b72   0x00000052   Code   RO         6795    i.u8x8_cad_001      u8x8_cad.o
    0x08009bc4   0x00000010   Code   RO         6799    i.u8x8_cad_EndTransfer  u8x8_cad.o
    0x08009bd4   0x00000010   Code   RO         6800    i.u8x8_cad_SendArg  u8x8_cad.o
    0x08009be4   0x00000010   Code   RO         6801    i.u8x8_cad_SendCmd  u8x8_cad.o
    0x08009bf4   0x00000010   Code   RO         6802    i.u8x8_cad_SendData  u8x8_cad.o
    0x08009c04   0x00000068   Code   RO         6804    i.u8x8_cad_SendSequence  u8x8_cad.o
    0x08009c6c   0x00000010   Code   RO         6805    i.u8x8_cad_StartTransfer  u8x8_cad.o
    0x08009c7c   0x00000060   Code   RO         7056    i.u8x8_d_helper_display_init  u8x8_display.o
    0x08009cdc   0x0000000a   Code   RO         7057    i.u8x8_d_helper_display_setup_memory  u8x8_display.o
    0x08009ce6   0x00000002   PAD
    0x08009ce8   0x0000003c   Code   RO         6981    i.u8x8_d_ssd1306_128x64_noname  u8x8_d_ssd1306_128x64_noname.o
    0x08009d24   0x000000c8   Code   RO         6983    i.u8x8_d_ssd1306_sh1106_generic  u8x8_d_ssd1306_128x64_noname.o
    0x08009dec   0x00000004   Code   RO         7356    i.u8x8_dummy_cb     u8x8_setup.o
    0x08009df0   0x0000000c   Code   RO         7275    i.u8x8_gpio_call    u8x8_gpio.o
    0x08009dfc   0x00000034   Code   RO          494    i.u8x8_stm32_gpio_and_delay  gui.o
    0x08009e30   0x00000008   Code   RO         6562    i.u8x8_utf8_init    u8x8_8x8.o
    0x08009e38   0x00000020   Code   RO           23    i.value             calc.o
    0x08009e58   0x00000070   Code   RO           25    i.value_3           calc.o
    0x08009ec8   0x000000a2   Code   RO           26    i.value_4           calc.o
    0x08009f6a   0x00000002   PAD
    0x08009f6c   0x000000fc   Code   RO           27    i.work              calc.o
    0x0800a068   0x00000010   Data   RO         2865    .constdata          system_stm32f1xx.o
    0x0800a078   0x00000008   Data   RO         2866    .constdata          system_stm32f1xx.o
    0x0800a080   0x000007c5   Data   RO         4145    .constdata          u8g2_fonts.o
    0x0800a845   0x00000003   PAD
    0x0800a848   0x0000000c   Data   RO         6278    .constdata          u8g2_setup.o
    0x0800a854   0x00000158   Data   RO         6985    .constdata          u8x8_d_ssd1306_128x64_noname.o
    0x0800a9ac   0x00000004   PAD
    0x0800a9b0   0x00000050   Data   RO         7468    .constdata          m_ws.l(acos.o)
    0x0800aa00   0x00000050   Data   RO         7478    .constdata          m_ws.l(asin.o)
    0x0800aa50   0x00000098   Data   RO         7488    .constdata          m_ws.l(atan.o)
    0x0800aae8   0x00000058   Data   RO         7516    .constdata          m_ws.l(exp.o)
    0x0800ab40   0x00000038   Data   RO         7526    .constdata          m_ws.l(log.o)
    0x0800ab78   0x00000088   Data   RO         7536    .constdata          m_ws.l(pow.o)
    0x0800ac00   0x00000081   Data   RO         7596    .constdata          mc_w.l(ctype_o.o)
    0x0800ac81   0x00000003   PAD
    0x0800ac84   0x00000004   Data   RO         7597    .constdata          mc_w.l(ctype_o.o)
    0x0800ac88   0x00000030   Data   RO         7909    .constdata          m_ws.l(cos_i.o)
    0x0800acb8   0x00000008   Data   RO         7935    .constdata          m_ws.l(qnan.o)
    0x0800acc0   0x000000c8   Data   RO         7938    .constdata          m_ws.l(rred.o)
    0x0800ad88   0x00000028   Data   RO         7942    .constdata          m_ws.l(sin_i.o)
    0x0800adb0   0x00000060   Data   RO         7948    .constdata          m_ws.l(tan_i.o)
    0x0800ae10   0x0000003d   Data   RO          716    .conststring        main.o
    0x0800ae4d   0x00000003   PAD
    0x0800ae50   0x00000038   Data   RO          717    .conststring        main.o
    0x0800ae88   0x00000022   Data   RO          718    .conststring        main.o
    0x0800aeaa   0x00000002   PAD
    0x0800aeac   0x00000020   Data   RO         8013    Region$$Table       anon$$obj.o


    Execution Region RW_IRAM1 (Base: 0x20000000, Size: 0x00001c88, Max: 0x00005000, ABSOLUTE, COMPRESSED[0x0000008c])

    Base Addr    Size         Type   Attr      Idx    E Section Name        Object

    0x20000000   0x00000028   Data   RW           31    .data               calc.o
    0x20000028   0x00000088   Data   RW          497    .data               gui.o
    0x200000b0   0x00000004   Data   RW          719    .data               main.o
    0x200000b4   0x00000004   Data   RW          721    .data               main.o
    0x200000b8   0x00000004   Data   RW          722    .data               main.o
    0x200000bc   0x00000004   Data   RW          723    .data               main.o
    0x200000c0   0x00000004   Data   RW          724    .data               main.o
    0x200000c4   0x0000006c   Data   RW          725    .data               main.o
    0x20000130   0x00000004   Data   RW          726    .data               main.o
    0x20000134   0x00000004   Data   RW          727    .data               main.o
    0x20000138   0x00000004   Data   RW          728    .data               main.o
    0x2000013c   0x00000004   Data   RW          729    .data               main.o
    0x20000140   0x00000004   Data   RW          730    .data               main.o
    0x20000144   0x00000004   Data   RW          731    .data               main.o
    0x20000148   0x00000004   Data   RW          733    .data               main.o
    0x2000014c   0x00000004   Data   RW          734    .data               main.o
    0x20000150   0x00000004   Data   RW          735    .data               main.o
    0x20000154   0x00000004   Data   RW          736    .data               main.o
    0x20000158   0x00000004   Data   RW          737    .data               main.o
    0x2000015c   0x00000004   Data   RW          738    .data               main.o
    0x20000160   0x00000004   Data   RW          739    .data               main.o
    0x20000164   0x00000004   Data   RW          740    .data               main.o
    0x20000168   0x00000004   Data   RW          741    .data               main.o
    0x2000016c   0x00000028   Data   RW          743    .data               main.o
    0x20000194   0x00000020   Data   RW          744    .data               main.o
    0x200001b4   0x00000004   Data   RW          746    .data               main.o
    0x200001b8   0x00000004   Data   RW          747    .data               main.o
    0x200001bc   0x00000004   Data   RW          750    .data               main.o
    0x200001c0   0x00000004   Data   RW          751    .data               main.o
    0x200001c4   0x00000024   Data   RW         1081    .data               comp.o
    0x200001e8   0x0000000c   Data   RW         1520    .data               stm32f1xx_hal.o
    0x200001f4   0x00000004   Data   RW         2867    .data               system_stm32f1xx.o
    0x200001f8   0x00000004   Data   RW         7967    .data               mc_w.l(stdout.o)
    0x200001fc   0x00000004   Data   RW         7979    .data               mc_w.l(errno.o)
    0x20000200   0x00000384   Zero   RW           28    .bss                calc.o
    0x20000584   0x0000044c   Zero   RW          495    .bss                gui.o
    0x200009d0   0x00000010   Zero   RW          713    .bss                main.o
    0x200009e0   0x0000009c   Zero   RW          881    .bss                spi.o
    0x20000a7c   0x00000044   Zero   RW          923    .bss                usart.o
    0x20000ac0   0x000009c8   Zero   RW         1080    .bss                comp.o
    0x20001488   0x00000400   Zero   RW         3753    .bss                u8g2_d_memory.o
    0x20001888   0x00000400   Zero   RW            1    STACK               startup_stm32f103xb.o


==============================================================================

Image component sizes


      Code (inc. data)   RO Data    RW Data    ZI Data      Debug   Object Name

      3554        188          0         40        900     409810   calc.o
      1434         40          0         36       2504       5177   comp.o
        44          4          0          0          0        690   dma.o
       280         22          0          0          0        947   gpio.o
     10762       1684          0        136       1100     183009   gui.o
       752         10          0          0          0       1684   keyboard.o
       466         62        151        276         16       6851   main.o
         0          0          0          0          0     157156   mui_u8g2.o
       216         32          0          0        156       1606   spi.o
        36          8        236          0       1024        768   startup_stm32f103xb.o
       164         28          0         12          0       5633   stm32f1xx_hal.o
       198         14          0          0          0      28743   stm32f1xx_hal_cortex.o
       654         36          0          0          0       3223   stm32f1xx_hal_dma.o
       500         34          0          0          0       3383   stm32f1xx_hal_gpio.o
        60          8          0          0          0        802   stm32f1xx_hal_msp.o
      1272        100          0          0          0       4996   stm32f1xx_hal_rcc.o
       752          4          0          0          0       4230   stm32f1xx_hal_spi.o
      1338         10          0          0          0       9244   stm32f1xx_hal_uart.o
        44         12          0          0          0       4393   stm32f1xx_it.o
         2          0         24          4          0       1019   system_stm32f1xx.o
       258          0          0          0          0        878   u8g2_box.o
       214          0          0          0          0       3430   u8g2_buffer.o
       356          0          0          0          0       3366   u8g2_circle.o
        12          4          0          0       1024        796   u8g2_d_memory.o
        56         14          0          0          0        997   u8g2_d_setup.o
      1212         10          0          0          0      13116   u8g2_font.o
         0          0       1989          0          0     143017   u8g2_fonts.o
       320          0          0          0          0       4042   u8g2_hvline.o
        72          0          0          0          0       1811   u8g2_intersection.o
       144          0          0          0          0       1334   u8g2_ll_hvline.o
       328          0         12          0          0     144389   u8g2_setup.o
        22          0          0          0          0       1745   u8x8_8x8.o
        30          0          0          0          0       1051   u8x8_byte.o
       266          6          0          0          0       4601   u8x8_cad.o
       260         12        344          0          0       2959   u8x8_d_ssd1306_128x64_noname.o
       200          0          0          0          0       4062   u8x8_display.o
        12          0          0          0          0        549   u8x8_gpio.o
        74          4          0          0          0       1630   u8x8_setup.o
       184         20          0          0         68       1558   usart.o
        40          0          0          0          0        548   value.o

    ----------------------------------------------------------------------
     26624       2366       2800        504       6792    1169243   Object Totals
         0          0         32          0          0          0   (incl. Generated)
        36          0         12          0          0          0   (incl. Padding)

    ----------------------------------------------------------------------

      Code (inc. data)   RO Data    RW Data    ZI Data      Debug   Library Member Name

       636         62         80          0          0        188   acos.o
       624         52         80          0          0        168   asin.o
       544         70        152          0          0        124   atan.o
       156          8          0          0          0        104   cos.o
       252         22         48          0          0        124   cos_i.o
        68         10          0          0          0        408   dunder.o
       644         90         88          0          0        204   exp.o
        40          0          0          0          0         68   fpclassify.o
       860         52         56          0          0        256   log.o
       170          0          0          0          0         96   poly.o
      2520        190        136          0          0        324   pow.o
         0          0          8          0          0          0   qnan.o
       904         76        200          0          0        140   rred.o
       160         10          0          0          0        108   sin.o
       236         12         40          0          0        128   sin_i.o
        76          0          0          0          0         84   sqrt.o
        28          0          0          0          0         80   strtod.o
       100         10          0          0          0         96   tan.o
       636         50         96          0          0        168   tan_i.o
        86          0          0          0          0          0   __dczerorl2.o
        64          0          0          0          0         84   _sgetc.o
         8          4        133          0          0         68   ctype_o.o
         0          0          0          0          0          0   entry.o
         0          0          0          0          0          0   entry10a.o
         0          0          0          0          0          0   entry11a.o
         8          4          0          0          0          0   entry2.o
         4          0          0          0          0          0   entry5.o
         0          0          0          0          0          0   entry7b.o
         0          0          0          0          0          0   entry8b.o
         8          4          0          0          0          0   entry9a.o
        12          6          0          4          0         68   errno.o
        30          0          0          0          0          0   handlers.o
        36          8          0          0          0         68   init.o
        18          0          0          0          0         76   isspace_o.o
         0          0          0          0          0          0   iusefp.o
        30          0          0          0          0         68   llshl.o
        36          0          0          0          0         68   llsshr.o
        32          0          0          0          0         68   llushr.o
        36          0          0          0          0        108   memseta.o
      2308         96          0          0          0        604   printfa.o
       838         12          0          0          0        216   scanf_fp.o
         0          0          0          4          0          0   stdout.o
        24          0          0          0          0         68   strcat.o
        18          0          0          0          0         68   strcpy.o
        14          0          0          0          0         68   strlen.o
       156         12          0          0          0        120   strtod.o
        44          0          0          0          0         80   uidiv.o
        98          0          0          0          0         92   uldiv.o
        48          0          0          0          0         68   cdcmple.o
        48          0          0          0          0         68   cdrcmple.o
        56          0          0          0          0         88   d2f.o
       334          0          0          0          0        148   dadd.o
       222          0          0          0          0        100   ddiv.o
       186          0          0          0          0        176   depilogue.o
        62          0          0          0          0         80   dfixi.o
        48          0          0          0          0         68   dfixul.o
        34          0          0          0          0         76   dflti.o
        26          0          0          0          0         76   dfltui.o
        24          0          0          0          0         76   dfltul.o
       228          0          0          0          0         96   dmul.o
        46          0          0          0          0         80   dscalb.o
       162          0          0          0          0        100   dsqrt.o
       110          0          0          0          0        168   fepilogue.o

    ----------------------------------------------------------------------
     14204        860       1120          8          0       6328   Library Totals
         8          0          3          0          0          0   (incl. Padding)

    ----------------------------------------------------------------------

      Code (inc. data)   RO Data    RW Data    ZI Data      Debug   Library Name

      8654        714        984          0          0       2868   m_ws.l
      3908        146        133          8          0       1992   mc_w.l
      1634          0          0          0          0       1468   mf_w.l

    ----------------------------------------------------------------------
     14204        860       1120          8          0       6328   Library Totals

    ----------------------------------------------------------------------

==============================================================================


      Code (inc. data)   RO Data    RW Data    ZI Data      Debug   

     40828       3226       3920        512       6792    1163635   Grand Totals
     40828       3226       3920        140       6792    1163635   ELF Image Totals (compressed)
     40828       3226       3920        140          0          0   ROM Totals

==============================================================================

    Total RO  Size (Code + RO Data)                44748 (  43.70kB)
    Total RW  Size (RW Data + ZI Data)              7304 (   7.13kB)
    Total ROM Size (Code + RO Data + RW Data)      44888 (  43.84kB)

==============================================================================

